18:19:56 **** Build of configuration Debug for project STM32ProjectForLab4 ****
make -j8 all 
arm-none-eabi-gcc "../Core/Src/scheduler.c" -mcpu=cortex-m3 -std=gnu11 -g3 -DDEBUG -DUSE_HAL_DRIVER -DSTM32F103x6 -c -I../Core/Inc -I../Drivers/STM32F1xx_HAL_Driver/Inc/Legacy -I../Drivers/STM32F1xx_HAL_Driver/Inc -I../Drivers/CMSIS/Device/ST/STM32F1xx/Include -I../Drivers/CMSIS/Include -O0 -ffunction-sections -fdata-sections -Wall -fstack-usage -fcyclomatic-complexity -MMD -MP -MF"Core/Src/scheduler.d" -MT"Core/Src/scheduler.o" --specs=nano.specs -mfloat-abi=soft -mthumb -o "Core/Src/scheduler.o"
arm-none-eabi-gcc -o "STM32ProjectForLab4.elf" @"objects.list"   -mcpu=cortex-m3 -T"D:\Embedded_Programming\STM\STM32\Microprocessors_Microcontrollers_Lab\Microprocessors_Microcontrollers_Lab_4\STM32CubeIDE\STM32ProjectForLab4\STM32F103C6UX_FLASH.ld" --specs=nosys.specs -Wl,-Map="STM32ProjectForLab4.map" -Wl,--gc-sections -static --specs=nano.specs -mfloat-abi=soft -mthumb -Wl,--start-group -lc -lm -Wl,--end-group
Finished building target: STM32ProjectForLab4.elf
 
arm-none-eabi-size   STM32ProjectForLab4.elf 
arm-none-eabi-objdump -h -S  STM32ProjectForLab4.elf  > "STM32ProjectForLab4.list"
arm-none-eabi-objcopy  -O ihex  STM32ProjectForLab4.elf  "STM32ProjectForLab4.hex"
   text	   data	    bss	    dec	    hex	filename
   7748	     20	   2444	  10212	   27e4	STM32ProjectForLab4.elf
Finished building: default.size.stdout
 
Finished building: STM32ProjectForLab4.hex
 
Finished building: STM32ProjectForLab4.list
 
